// Jest Snapshot v1, https://goo.gl/fbAQLP

exports[`Check we need migration 1`] = `
Object {
  "app": Object {
    "activeSupport": "git",
    "isMobile": false,
    "mainLayout": Object {
      "areas": Array [
        Array [
          "menu",
          "editor",
          "support",
        ],
      ],
      "columns": Array [
        "250px",
        "1fr",
        "1fr",
      ],
      "rows": Array [
        "1fr",
      ],
    },
    "networkOnline": false,
    "openedCloneRepoModal": false,
    "openedCreateRepoModal": false,
    "sceneStack": Array [
      "main",
    ],
  },
  "buffer": Object {
    "autosave": true,
    "changed": false,
    "filepath": "",
    "filetype": "text",
    "lastSavedValue": "",
    "reloadCounter": 0,
    "value": "",
  },
  "config": Object {
    "committerEmail": "",
    "committerName": "",
    "corsProxy": "https://cors-buster-zashozaqfk.now.sh",
    "doneTutorial": false,
    "editorFontFamily": "Inconsolata, monospace",
    "editorFontScale": 1.2,
    "editorSpellCheck": false,
    "gitEasyMode": true,
    "githubApiToken": "",
    "isFirstVisit": true,
    "theme": "dark",
  },
  "git": Object {
    "branches": Array [],
    "currentBranch": null,
    "history": Array [],
    "loaded": false,
    "remoteBranches": Array [],
    "remotes": Array [],
    "stagingLoading": true,
    "statusMatrix": null,
    "type": "loading",
  },
  "project": Object {
    "projectRoot": "/",
    "projects": Array [],
  },
  "repository": Object {
    "currentProjectRoot": "/",
    "dirCreatingDir": null,
    "fileCreatingDir": null,
    "renamingPathname": null,
    "touchCounter": 0,
  },
}
`;
